[07-Mar-2026 12:01:59 UTC] Received input: Array
(
    [price_id] => 5
    [item_no] => 0123
    [description] => graba
    [company_name] => fujiko
    [contact_person] => 
    [contact_number] => 
    [quantity] => 1
    [price] => 80
    [total] => 80
    [company_color] => #36b9cc
    [status] => pending
)

[07-Mar-2026 12:01:59 UTC] PHP Fatal error:  Uncaught ArgumentCountError: The number of elements in the type definition string must match the number of bind variables in C:\laragon\www\InventoryManagementSystem\process_purchase.php:125
Stack trace:
#0 C:\laragon\www\InventoryManagementSystem\process_purchase.php(125): mysqli_stmt->bind_param('sssssssiiddiiss...', 'PEND-2026030712...', 'Walk-in Custome...', '0123', 'graba', 'fujiko', '', '', 5, 1, 80.0, 80.0, 26, 26, '#36b9cc', 'cash', 'unpaid')
#1 {main}
  thrown in C:\laragon\www\InventoryManagementSystem\process_purchase.php on line 125
[07-Mar-2026 12:02:02 UTC] Received input: Array
(
    [price_id] => 5
    [item_no] => 0123
    [description] => graba
    [company_name] => fujiko
    [contact_person] => 
    [contact_number] => 
    [quantity] => 1
    [price] => 80
    [total] => 80
    [company_color] => #36b9cc
    [status] => pending
)

[07-Mar-2026 12:02:02 UTC] PHP Fatal error:  Uncaught ArgumentCountError: The number of elements in the type definition string must match the number of bind variables in C:\laragon\www\InventoryManagementSystem\process_purchase.php:125
Stack trace:
#0 C:\laragon\www\InventoryManagementSystem\process_purchase.php(125): mysqli_stmt->bind_param('sssssssiiddiiss...', 'PEND-2026030712...', 'Walk-in Custome...', '0123', 'graba', 'fujiko', '', '', 5, 1, 80.0, 80.0, 26, 26, '#36b9cc', 'cash', 'unpaid')
#1 {main}
  thrown in C:\laragon\www\InventoryManagementSystem\process_purchase.php on line 125
[07-Mar-2026 12:04:30 UTC] Received input: Array
(
    [price_id] => 7
    [item_no] => 0123
    [description] => hahaha
    [company_name] => clyde
    [contact_person] => 0997
    [contact_number] => 
    [quantity] => 1
    [price] => 1
    [total] => 1
    [company_color] => #f6c23e
    [status] => pending
)

[07-Mar-2026 12:04:30 UTC] PHP Fatal error:  Uncaught ArgumentCountError: The number of elements in the type definition string must match the number of bind variables in C:\laragon\www\InventoryManagementSystem\process_purchase.php:125
Stack trace:
#0 C:\laragon\www\InventoryManagementSystem\process_purchase.php(125): mysqli_stmt->bind_param('sssssssiiddiiss...', 'PEND-2026030712...', 'Walk-in Custome...', '0123', 'hahaha', 'clyde', '0997', '', 7, 1, 1.0, 1.0, 7, 7, '#f6c23e', 'cash', 'unpaid')
#1 {main}
  thrown in C:\laragon\www\InventoryManagementSystem\process_purchase.php on line 125
