[20-Apr-2026 02:49:57 UTC] DATE: 2026-04-01 - No attendance record
[20-Apr-2026 02:49:57 UTC] DATE: 2026-04-02 - No attendance record
[20-Apr-2026 02:49:57 UTC] DATE: 2026-04-03 - No attendance record
[20-Apr-2026 02:49:57 UTC] DATE: 2026-04-04 - No attendance record
[20-Apr-2026 02:49:57 UTC] DATE: 2026-04-05 - No attendance record
[20-Apr-2026 02:49:57 UTC] DATE: 2026-04-06 - No attendance record
[20-Apr-2026 02:49:57 UTC] DATE: 2026-04-07 - No attendance record
[20-Apr-2026 02:49:57 UTC] DATE: 2026-04-08 - No attendance record
[20-Apr-2026 02:49:57 UTC] DATE: 2026-04-09 - No attendance record
[20-Apr-2026 02:49:57 UTC] DATE: 2026-04-10 - Raw workday_type from DB: 'Ordinary Working Day'
[20-Apr-2026 02:49:57 UTC] WORKDAY DEBUG: Processing workday_type: 'Ordinary Working Day'
[20-Apr-2026 02:49:57 UTC] WORKDAY DEBUG: Found multipliers for: 'Ordinary Working Day'
[20-Apr-2026 02:49:57 UTC]   -> PRESENT: Workday type = Ordinary Working Day, Employee type = regular
[20-Apr-2026 02:49:57 UTC]      Day Regular (<=8): 5 hrs × 103.375 × 1 = 516.875
[20-Apr-2026 02:49:57 UTC]      Night hours: 4 hrs - Treating independently with its own 8-hour quota
[20-Apr-2026 02:49:57 UTC]      All night hours: 4 hrs × 103.375 × 1.1 = 454.85
[20-Apr-2026 02:49:57 UTC] DATE: 2026-04-11 - No attendance record
[20-Apr-2026 02:49:57 UTC] DATE: 2026-04-12 - No attendance record
[20-Apr-2026 02:49:57 UTC] DATE: 2026-04-13 - Raw workday_type from DB: 'Ordinary Working Day'
[20-Apr-2026 02:49:57 UTC] WORKDAY DEBUG: Processing workday_type: 'Ordinary Working Day'
[20-Apr-2026 02:49:57 UTC] WORKDAY DEBUG: Found multipliers for: 'Ordinary Working Day'
[20-Apr-2026 02:49:57 UTC]   -> PRESENT: Workday type = Ordinary Working Day, Employee type = regular
[20-Apr-2026 02:49:57 UTC]      Day Regular (<=8): 4 hrs × 103.375 × 1 = 413.5
[20-Apr-2026 02:49:57 UTC] DATE: 2026-04-14 - Raw workday_type from DB: 'Ordinary Working Day'
[20-Apr-2026 02:49:57 UTC] WORKDAY DEBUG: Processing workday_type: 'Ordinary Working Day'
[20-Apr-2026 02:49:57 UTC] WORKDAY DEBUG: Found multipliers for: 'Ordinary Working Day'
[20-Apr-2026 02:49:57 UTC]   -> ON LEAVE: Added daily salary of 827.00
[20-Apr-2026 02:49:57 UTC] DATE: 2026-04-15 - No attendance record
[20-Apr-2026 02:49:57 UTC] DATE: 2026-04-16 - No attendance record
[20-Apr-2026 02:49:57 UTC] DATE: 2026-04-17 - No attendance record
[20-Apr-2026 02:49:57 UTC] DATE: 2026-04-18 - No attendance record
[20-Apr-2026 02:49:57 UTC] DATE: 2026-04-19 - No attendance record
[20-Apr-2026 02:49:57 UTC] DATE: 2026-04-20 - Raw workday_type from DB: 'Ordinary Working Day'
[20-Apr-2026 02:49:57 UTC] WORKDAY DEBUG: Processing workday_type: 'Ordinary Working Day'
[20-Apr-2026 02:49:57 UTC] WORKDAY DEBUG: Found multipliers for: 'Ordinary Working Day'
[20-Apr-2026 02:49:57 UTC]   -> PRESENT: Workday type = Ordinary Working Day, Employee type = regular
[20-Apr-2026 02:49:57 UTC]      Day Regular (<=8): 4 hrs × 103.375 × 1 = 413.5
[20-Apr-2026 02:49:57 UTC] DATE: 2026-04-21 - No attendance record
[20-Apr-2026 02:49:57 UTC] DATE: 2026-04-22 - No attendance record
[20-Apr-2026 02:49:57 UTC] DATE: 2026-04-23 - No attendance record
[20-Apr-2026 02:49:57 UTC] DATE: 2026-04-24 - No attendance record
[20-Apr-2026 02:49:57 UTC] DATE: 2026-04-25 - No attendance record
[20-Apr-2026 02:49:57 UTC] DATE: 2026-04-26 - No attendance record
[20-Apr-2026 02:49:57 UTC] DATE: 2026-04-27 - No attendance record
[20-Apr-2026 02:49:57 UTC] DATE: 2026-04-28 - No attendance record
[20-Apr-2026 02:49:57 UTC] DATE: 2026-04-29 - No attendance record
[20-Apr-2026 02:49:57 UTC] DATE: 2026-04-30 - No attendance record
[20-Apr-2026 02:50:02 UTC] === SAVE PAYROLL START ===
[20-Apr-2026 02:50:02 UTC] POST data: Array
(
    [save_payroll] => 1
    [employee_id] => 7
    [date_from] => 2026-04-01
    [date_to] => 2026-04-30
    [base_salary] => 2625.73
    [total_deductions] => 0
    [net_pay] => 2625.73
    [total_work_hours] => 25
    [deductions] => []
)

[20-Apr-2026 02:50:02 UTC] Employee ID: 7
[20-Apr-2026 02:50:02 UTC] Date From: 2026-04-01
[20-Apr-2026 02:50:02 UTC] Date To: 2026-04-30
[20-Apr-2026 02:50:02 UTC] Base Salary: 2625.73
[20-Apr-2026 02:50:02 UTC] Total Deductions: 0
[20-Apr-2026 02:50:02 UTC] Net Pay: 2625.73
[20-Apr-2026 02:50:02 UTC] Work Hours: 25
[20-Apr-2026 02:50:02 UTC] Deductions JSON: []
[20-Apr-2026 02:50:02 UTC] Existing columns: id, employee_id, date_from, date_to, base_salary, total_deductions, net_pay, total_work_hours, payroll_type, status, date, pay_period
[20-Apr-2026 02:50:02 UTC] Dynamic insert query: INSERT INTO payroll (employee_id, date_from, date_to, base_salary, total_deductions, net_pay, total_work_hours, payroll_type, status, date, pay_period) 
                             VALUES (?, ?, ?, ?, ?, ?, ?, ?, ?, NOW(), ?)
[20-Apr-2026 02:50:02 UTC] Bind types: issddddsss
[20-Apr-2026 02:50:02 UTC] Bind params: Array
(
    [0] => 7
    [1] => 2026-04-01
    [2] => 2026-04-30
    [3] => 2625.73
    [4] => 0
    [5] => 2625.73
    [6] => 25
    [7] => regular
    [8] => pending
    [9] => 2026-04-01
)

[20-Apr-2026 02:50:02 UTC] Insert successful, new ID: 20
[20-Apr-2026 02:50:02 UTC] Cleared old deductions for payroll ID: 20
[20-Apr-2026 02:50:02 UTC] Deductions decoded: Array
(
)

[20-Apr-2026 02:50:02 UTC] === SAVE PAYROLL SUCCESS ===
[20-Apr-2026 02:50:12 UTC] Sending payroll data for ID 20 - Net Pay: 2625.73
[20-Apr-2026 02:50:30 UTC] Sending payroll data for ID 20 - Net Pay: 2625.73
[20-Apr-2026 02:50:47 UTC] WORKDAY DEBUG: Processing workday_type: 'Ordinary Working Day'
[20-Apr-2026 02:50:47 UTC] WORKDAY DEBUG: Found multipliers for: 'Ordinary Working Day'
[20-Apr-2026 02:50:54 UTC] WORKDAY DEBUG: Processing workday_type: 'Ordinary Working Day'
[20-Apr-2026 02:50:54 UTC] WORKDAY DEBUG: Found multipliers for: 'Ordinary Working Day'
[20-Apr-2026 02:50:55 UTC] === SAVE EDITED PAYROLL START ===
[20-Apr-2026 02:50:55 UTC] POST data: Array
(
    [save_edited_payroll] => 1
    [payroll_id] => 20
    [date_from] => 2026-04-20
    [date_to] => 2026-04-20
    [base_salary] => 413.5
    [total_deductions] => 0
    [net_pay] => 413.5
    [total_work_hours] => 4
    [status] => pending
    [deductions] => []
)

[20-Apr-2026 02:50:55 UTC] Payroll ID: 20
[20-Apr-2026 02:50:55 UTC] Date From: 2026-04-20
[20-Apr-2026 02:50:55 UTC] Date To: 2026-04-20
[20-Apr-2026 02:50:55 UTC] Base Salary: 413.5
[20-Apr-2026 02:50:55 UTC] Total Deductions: 0
[20-Apr-2026 02:50:55 UTC] Net Pay: 413.5
[20-Apr-2026 02:50:55 UTC] Work Hours: 4
[20-Apr-2026 02:50:55 UTC] Status: pending
[20-Apr-2026 02:50:55 UTC] Deductions JSON: []
[20-Apr-2026 02:50:55 UTC] Updating payroll ID: 20 with:
[20-Apr-2026 02:50:55 UTC] Base Salary: 413.5
[20-Apr-2026 02:50:55 UTC] Total Deductions: 0
[20-Apr-2026 02:50:55 UTC] Net Pay: 413.5
[20-Apr-2026 02:50:55 UTC] Work Hours: 4
[20-Apr-2026 02:50:55 UTC] Payroll update successful - main table updated
[20-Apr-2026 02:50:55 UTC] Cleared old deductions
[20-Apr-2026 02:50:55 UTC] Deductions decoded: Array
(
)

[20-Apr-2026 02:50:55 UTC] === SAVE EDITED PAYROLL SUCCESS ===
[20-Apr-2026 02:51:02 UTC] Sending payroll data for ID 20 - Net Pay: 413.50
[20-Apr-2026 02:51:05 UTC] Sending payroll data for ID 20 - Net Pay: 413.50
[20-Apr-2026 02:55:55 UTC] DATE: 2026-04-01 - No attendance record
[20-Apr-2026 02:55:55 UTC] DATE: 2026-04-02 - No attendance record
[20-Apr-2026 02:55:55 UTC] DATE: 2026-04-03 - No attendance record
[20-Apr-2026 02:55:55 UTC] DATE: 2026-04-04 - No attendance record
[20-Apr-2026 02:55:55 UTC] DATE: 2026-04-05 - No attendance record
[20-Apr-2026 02:55:55 UTC] DATE: 2026-04-06 - No attendance record
[20-Apr-2026 02:55:55 UTC] DATE: 2026-04-07 - No attendance record
[20-Apr-2026 02:55:55 UTC] DATE: 2026-04-08 - No attendance record
[20-Apr-2026 02:55:55 UTC] DATE: 2026-04-09 - No attendance record
[20-Apr-2026 02:55:55 UTC] DATE: 2026-04-10 - No attendance record
[20-Apr-2026 02:55:55 UTC] DATE: 2026-04-11 - No attendance record
[20-Apr-2026 02:55:55 UTC] DATE: 2026-04-12 - No attendance record
[20-Apr-2026 02:55:55 UTC] DATE: 2026-04-13 - Raw workday_type from DB: 'Ordinary Working Day'
[20-Apr-2026 02:55:55 UTC] WORKDAY DEBUG: Processing workday_type: 'Ordinary Working Day'
[20-Apr-2026 02:55:55 UTC] WORKDAY DEBUG: Found multipliers for: 'Ordinary Working Day'
[20-Apr-2026 02:55:55 UTC]   -> PRESENT: Workday type = Ordinary Working Day, Employee type = regular
[20-Apr-2026 02:55:55 UTC]      Day Regular (<=8): 4 hrs × 100 × 1 = 400
[20-Apr-2026 02:55:55 UTC]      Night hours: 4 hrs - Treating independently with its own 8-hour quota
[20-Apr-2026 02:55:55 UTC]      All night hours: 4 hrs × 100 × 1.1 = 440
[20-Apr-2026 02:55:55 UTC] DATE: 2026-04-14 - Raw workday_type from DB: 'Ordinary Working Day'
[20-Apr-2026 02:55:55 UTC] WORKDAY DEBUG: Processing workday_type: 'Ordinary Working Day'
[20-Apr-2026 02:55:55 UTC] WORKDAY DEBUG: Found multipliers for: 'Ordinary Working Day'
[20-Apr-2026 02:55:55 UTC]   -> PRESENT: Workday type = Ordinary Working Day, Employee type = regular
[20-Apr-2026 02:55:55 UTC]      Day Regular (8): 8 hrs × 100 × 1 = 800
[20-Apr-2026 02:55:55 UTC]      Day Overtime: 1 hrs × 100 × 1.25 = 125
[20-Apr-2026 02:55:55 UTC]      Night hours: 8 hrs - Treating independently with its own 8-hour quota
[20-Apr-2026 02:55:55 UTC]      All night hours: 8 hrs × 100 × 1.1 = 880
[20-Apr-2026 02:55:55 UTC] DATE: 2026-04-15 - Raw workday_type from DB: 'Ordinary Working Day'
[20-Apr-2026 02:55:55 UTC] WORKDAY DEBUG: Processing workday_type: 'Ordinary Working Day'
[20-Apr-2026 02:55:55 UTC] WORKDAY DEBUG: Found multipliers for: 'Ordinary Working Day'
[20-Apr-2026 02:55:55 UTC]   -> PRESENT: Workday type = Ordinary Working Day, Employee type = regular
[20-Apr-2026 02:55:55 UTC]      Day Regular (<=8): 7 hrs × 100 × 1 = 700
[20-Apr-2026 02:55:55 UTC]      Night hours: 8 hrs - Treating independently with its own 8-hour quota
[20-Apr-2026 02:55:55 UTC]      All night hours: 8 hrs × 100 × 1.1 = 880
[20-Apr-2026 02:55:55 UTC] DATE: 2026-04-16 - No attendance record
[20-Apr-2026 02:55:55 UTC] DATE: 2026-04-17 - No attendance record
[20-Apr-2026 02:55:55 UTC] DATE: 2026-04-18 - No attendance record
[20-Apr-2026 02:55:55 UTC] DATE: 2026-04-19 - No attendance record
[20-Apr-2026 02:55:55 UTC] DATE: 2026-04-20 - Raw workday_type from DB: 'Ordinary Working Day'
[20-Apr-2026 02:55:55 UTC] WORKDAY DEBUG: Processing workday_type: 'Ordinary Working Day'
[20-Apr-2026 02:55:55 UTC] WORKDAY DEBUG: Found multipliers for: 'Ordinary Working Day'
[20-Apr-2026 02:55:55 UTC]   -> PRESENT: Workday type = Ordinary Working Day, Employee type = regular
[20-Apr-2026 02:55:55 UTC]      Day Regular (<=8): 4 hrs × 100 × 1 = 400
[20-Apr-2026 02:55:55 UTC]      Night hours: 8 hrs - Treating independently with its own 8-hour quota
[20-Apr-2026 02:55:55 UTC]      All night hours: 8 hrs × 100 × 1.1 = 880
[20-Apr-2026 02:55:55 UTC] DATE: 2026-04-21 - No attendance record
[20-Apr-2026 02:55:55 UTC] DATE: 2026-04-22 - No attendance record
[20-Apr-2026 02:55:55 UTC] DATE: 2026-04-23 - No attendance record
[20-Apr-2026 02:55:55 UTC] DATE: 2026-04-24 - No attendance record
[20-Apr-2026 02:55:55 UTC] DATE: 2026-04-25 - No attendance record
[20-Apr-2026 02:55:55 UTC] DATE: 2026-04-26 - No attendance record
[20-Apr-2026 02:55:55 UTC] DATE: 2026-04-27 - No attendance record
[20-Apr-2026 02:55:55 UTC] DATE: 2026-04-28 - No attendance record
[20-Apr-2026 02:55:55 UTC] DATE: 2026-04-29 - No attendance record
[20-Apr-2026 02:55:55 UTC] DATE: 2026-04-30 - No attendance record
[20-Apr-2026 02:55:57 UTC] === SAVE PAYROLL START ===
[20-Apr-2026 02:55:57 UTC] POST data: Array
(
    [save_payroll] => 1
    [employee_id] => 12
    [date_from] => 2026-04-01
    [date_to] => 2026-04-30
    [base_salary] => 5505
    [total_deductions] => 0
    [net_pay] => 5505
    [total_work_hours] => 52
    [deductions] => []
)

[20-Apr-2026 02:55:57 UTC] Employee ID: 12
[20-Apr-2026 02:55:57 UTC] Date From: 2026-04-01
[20-Apr-2026 02:55:57 UTC] Date To: 2026-04-30
[20-Apr-2026 02:55:57 UTC] Base Salary: 5505
[20-Apr-2026 02:55:57 UTC] Total Deductions: 0
[20-Apr-2026 02:55:57 UTC] Net Pay: 5505
[20-Apr-2026 02:55:57 UTC] Work Hours: 52
[20-Apr-2026 02:55:57 UTC] Deductions JSON: []
[20-Apr-2026 02:55:57 UTC] Existing columns: id, employee_id, date_from, date_to, base_salary, total_deductions, net_pay, total_work_hours, payroll_type, status, date, pay_period
[20-Apr-2026 02:55:57 UTC] Dynamic insert query: INSERT INTO payroll (employee_id, date_from, date_to, base_salary, total_deductions, net_pay, total_work_hours, payroll_type, status, date, pay_period) 
                             VALUES (?, ?, ?, ?, ?, ?, ?, ?, ?, NOW(), ?)
[20-Apr-2026 02:55:57 UTC] Bind types: issddddsss
[20-Apr-2026 02:55:57 UTC] Bind params: Array
(
    [0] => 12
    [1] => 2026-04-01
    [2] => 2026-04-30
    [3] => 5505
    [4] => 0
    [5] => 5505
    [6] => 52
    [7] => regular
    [8] => pending
    [9] => 2026-04-01
)

[20-Apr-2026 02:55:57 UTC] Insert successful, new ID: 21
[20-Apr-2026 02:55:57 UTC] Cleared old deductions for payroll ID: 21
[20-Apr-2026 02:55:57 UTC] Deductions decoded: Array
(
)

[20-Apr-2026 02:55:57 UTC] === SAVE PAYROLL SUCCESS ===
[20-Apr-2026 02:56:04 UTC] Sending payroll data for ID 21 - Net Pay: 5505.00
[20-Apr-2026 02:59:02 UTC] DATE: 2026-04-01 - No attendance record
[20-Apr-2026 02:59:02 UTC] DATE: 2026-04-02 - No attendance record
[20-Apr-2026 02:59:02 UTC] DATE: 2026-04-03 - No attendance record
[20-Apr-2026 02:59:02 UTC] DATE: 2026-04-04 - No attendance record
[20-Apr-2026 02:59:02 UTC] DATE: 2026-04-05 - No attendance record
[20-Apr-2026 02:59:02 UTC] DATE: 2026-04-06 - No attendance record
[20-Apr-2026 02:59:02 UTC] DATE: 2026-04-07 - No attendance record
[20-Apr-2026 02:59:02 UTC] DATE: 2026-04-08 - No attendance record
[20-Apr-2026 02:59:02 UTC] DATE: 2026-04-09 - No attendance record
[20-Apr-2026 02:59:02 UTC] DATE: 2026-04-10 - No attendance record
[20-Apr-2026 02:59:02 UTC] DATE: 2026-04-11 - No attendance record
[20-Apr-2026 02:59:02 UTC] DATE: 2026-04-12 - No attendance record
[20-Apr-2026 02:59:02 UTC] DATE: 2026-04-13 - Raw workday_type from DB: 'Ordinary Working Day'
[20-Apr-2026 02:59:02 UTC] WORKDAY DEBUG: Processing workday_type: 'Ordinary Working Day'
[20-Apr-2026 02:59:02 UTC] WORKDAY DEBUG: Found multipliers for: 'Ordinary Working Day'
[20-Apr-2026 02:59:02 UTC]   -> PRESENT: Workday type = Ordinary Working Day, Employee type = regular
[20-Apr-2026 02:59:02 UTC]      Day Regular (<=8): 4 hrs × 100 × 1 = 400
[20-Apr-2026 02:59:02 UTC]      Night hours: 4 hrs - Treating independently with its own 8-hour quota
[20-Apr-2026 02:59:02 UTC]      All night hours: 4 hrs × 100 × 1.1 = 440
[20-Apr-2026 02:59:02 UTC] DATE: 2026-04-14 - Raw workday_type from DB: 'Ordinary Working Day'
[20-Apr-2026 02:59:02 UTC] WORKDAY DEBUG: Processing workday_type: 'Ordinary Working Day'
[20-Apr-2026 02:59:02 UTC] WORKDAY DEBUG: Found multipliers for: 'Ordinary Working Day'
[20-Apr-2026 02:59:02 UTC]   -> PRESENT: Workday type = Ordinary Working Day, Employee type = regular
[20-Apr-2026 02:59:02 UTC]      Day Regular (8): 8 hrs × 100 × 1 = 800
[20-Apr-2026 02:59:02 UTC]      Day Overtime: 1 hrs × 100 × 1.25 = 125
[20-Apr-2026 02:59:02 UTC]      Night hours: 8 hrs - Treating independently with its own 8-hour quota
[20-Apr-2026 02:59:02 UTC]      All night hours: 8 hrs × 100 × 1.1 = 880
[20-Apr-2026 02:59:02 UTC] DATE: 2026-04-15 - Raw workday_type from DB: 'Ordinary Working Day'
[20-Apr-2026 02:59:02 UTC] WORKDAY DEBUG: Processing workday_type: 'Ordinary Working Day'
[20-Apr-2026 02:59:02 UTC] WORKDAY DEBUG: Found multipliers for: 'Ordinary Working Day'
[20-Apr-2026 02:59:02 UTC]   -> PRESENT: Workday type = Ordinary Working Day, Employee type = regular
[20-Apr-2026 02:59:02 UTC]      Day Regular (<=8): 7 hrs × 100 × 1 = 700
[20-Apr-2026 02:59:02 UTC]      Night hours: 8 hrs - Treating independently with its own 8-hour quota
[20-Apr-2026 02:59:02 UTC]      All night hours: 8 hrs × 100 × 1.1 = 880
[20-Apr-2026 02:59:02 UTC] DATE: 2026-04-16 - No attendance record
[20-Apr-2026 02:59:02 UTC] DATE: 2026-04-17 - No attendance record
[20-Apr-2026 02:59:02 UTC] DATE: 2026-04-18 - No attendance record
[20-Apr-2026 02:59:02 UTC] DATE: 2026-04-19 - No attendance record
[20-Apr-2026 02:59:02 UTC] DATE: 2026-04-20 - Raw workday_type from DB: 'Ordinary Working Day'
[20-Apr-2026 02:59:02 UTC] WORKDAY DEBUG: Processing workday_type: 'Ordinary Working Day'
[20-Apr-2026 02:59:02 UTC] WORKDAY DEBUG: Found multipliers for: 'Ordinary Working Day'
[20-Apr-2026 02:59:02 UTC]   -> PRESENT: Workday type = Ordinary Working Day, Employee type = regular
[20-Apr-2026 02:59:02 UTC]      Day Regular (<=8): 4 hrs × 100 × 1 = 400
[20-Apr-2026 02:59:02 UTC]      Night hours: 8 hrs - Treating independently with its own 8-hour quota
[20-Apr-2026 02:59:02 UTC]      All night hours: 8 hrs × 100 × 1.1 = 880
[20-Apr-2026 02:59:02 UTC] DATE: 2026-04-21 - No attendance record
[20-Apr-2026 02:59:02 UTC] DATE: 2026-04-22 - No attendance record
[20-Apr-2026 02:59:02 UTC] DATE: 2026-04-23 - No attendance record
[20-Apr-2026 02:59:02 UTC] DATE: 2026-04-24 - No attendance record
[20-Apr-2026 02:59:02 UTC] DATE: 2026-04-25 - No attendance record
[20-Apr-2026 02:59:02 UTC] DATE: 2026-04-26 - No attendance record
[20-Apr-2026 02:59:02 UTC] DATE: 2026-04-27 - No attendance record
[20-Apr-2026 02:59:02 UTC] DATE: 2026-04-28 - No attendance record
[20-Apr-2026 02:59:02 UTC] DATE: 2026-04-29 - No attendance record
[20-Apr-2026 02:59:02 UTC] DATE: 2026-04-30 - No attendance record
[20-Apr-2026 02:59:04 UTC] === SAVE PAYROLL START ===
[20-Apr-2026 02:59:04 UTC] POST data: Array
(
    [save_payroll] => 1
    [employee_id] => 12
    [date_from] => 2026-04-01
    [date_to] => 2026-04-30
    [base_salary] => 5505
    [total_deductions] => 0
    [net_pay] => 5505
    [total_work_hours] => 52
    [deductions] => []
)

[20-Apr-2026 02:59:04 UTC] Employee ID: 12
[20-Apr-2026 02:59:04 UTC] Date From: 2026-04-01
[20-Apr-2026 02:59:04 UTC] Date To: 2026-04-30
[20-Apr-2026 02:59:04 UTC] Base Salary: 5505
[20-Apr-2026 02:59:04 UTC] Total Deductions: 0
[20-Apr-2026 02:59:04 UTC] Net Pay: 5505
[20-Apr-2026 02:59:04 UTC] Work Hours: 52
[20-Apr-2026 02:59:04 UTC] Deductions JSON: []
[20-Apr-2026 02:59:04 UTC] Existing columns: id, employee_id, date_from, date_to, base_salary, total_deductions, net_pay, total_work_hours, payroll_type, status, date, pay_period
[20-Apr-2026 02:59:04 UTC] Dynamic insert query: INSERT INTO payroll (employee_id, date_from, date_to, base_salary, total_deductions, net_pay, total_work_hours, payroll_type, status, date, pay_period) 
                             VALUES (?, ?, ?, ?, ?, ?, ?, ?, ?, NOW(), ?)
[20-Apr-2026 02:59:04 UTC] Bind types: issddddsss
[20-Apr-2026 02:59:04 UTC] Bind params: Array
(
    [0] => 12
    [1] => 2026-04-01
    [2] => 2026-04-30
    [3] => 5505
    [4] => 0
    [5] => 5505
    [6] => 52
    [7] => regular
    [8] => pending
    [9] => 2026-04-01
)

[20-Apr-2026 02:59:04 UTC] Insert successful, new ID: 22
[20-Apr-2026 02:59:04 UTC] Cleared old deductions for payroll ID: 22
[20-Apr-2026 02:59:04 UTC] Deductions decoded: Array
(
)

[20-Apr-2026 02:59:04 UTC] === SAVE PAYROLL SUCCESS ===
[20-Apr-2026 03:01:24 UTC] DATE: 2026-04-01 - No attendance record
[20-Apr-2026 03:01:24 UTC] DATE: 2026-04-02 - No attendance record
[20-Apr-2026 03:01:24 UTC] DATE: 2026-04-03 - No attendance record
[20-Apr-2026 03:01:24 UTC] DATE: 2026-04-04 - No attendance record
[20-Apr-2026 03:01:24 UTC] DATE: 2026-04-05 - No attendance record
[20-Apr-2026 03:01:24 UTC] DATE: 2026-04-06 - No attendance record
[20-Apr-2026 03:01:24 UTC] DATE: 2026-04-07 - No attendance record
[20-Apr-2026 03:01:24 UTC] DATE: 2026-04-08 - No attendance record
[20-Apr-2026 03:01:24 UTC] DATE: 2026-04-09 - No attendance record
[20-Apr-2026 03:01:24 UTC] DATE: 2026-04-10 - No attendance record
[20-Apr-2026 03:01:24 UTC] DATE: 2026-04-11 - No attendance record
[20-Apr-2026 03:01:24 UTC] DATE: 2026-04-12 - No attendance record
[20-Apr-2026 03:01:24 UTC] DATE: 2026-04-13 - Raw workday_type from DB: 'Ordinary Working Day'
[20-Apr-2026 03:01:24 UTC] WORKDAY DEBUG: Processing workday_type: 'Ordinary Working Day'
[20-Apr-2026 03:01:24 UTC] WORKDAY DEBUG: Found multipliers for: 'Ordinary Working Day'
[20-Apr-2026 03:01:24 UTC]   -> PRESENT: Workday type = Ordinary Working Day, Employee type = regular
[20-Apr-2026 03:01:24 UTC]      Day Regular (<=8): 4 hrs × 100 × 1 = 400
[20-Apr-2026 03:01:24 UTC]      Night hours: 4 hrs - Treating independently with its own 8-hour quota
[20-Apr-2026 03:01:24 UTC]      All night hours: 4 hrs × 100 × 1.1 = 440
[20-Apr-2026 03:01:24 UTC] DATE: 2026-04-14 - Raw workday_type from DB: 'Ordinary Working Day'
[20-Apr-2026 03:01:24 UTC] WORKDAY DEBUG: Processing workday_type: 'Ordinary Working Day'
[20-Apr-2026 03:01:24 UTC] WORKDAY DEBUG: Found multipliers for: 'Ordinary Working Day'
[20-Apr-2026 03:01:24 UTC]   -> PRESENT: Workday type = Ordinary Working Day, Employee type = regular
[20-Apr-2026 03:01:24 UTC]      Day Regular (8): 8 hrs × 100 × 1 = 800
[20-Apr-2026 03:01:24 UTC]      Day Overtime: 1 hrs × 100 × 1.25 = 125
[20-Apr-2026 03:01:24 UTC]      Night hours: 8 hrs - Treating independently with its own 8-hour quota
[20-Apr-2026 03:01:24 UTC]      All night hours: 8 hrs × 100 × 1.1 = 880
[20-Apr-2026 03:01:24 UTC] DATE: 2026-04-15 - Raw workday_type from DB: 'Ordinary Working Day'
[20-Apr-2026 03:01:24 UTC] WORKDAY DEBUG: Processing workday_type: 'Ordinary Working Day'
[20-Apr-2026 03:01:24 UTC] WORKDAY DEBUG: Found multipliers for: 'Ordinary Working Day'
[20-Apr-2026 03:01:24 UTC]   -> PRESENT: Workday type = Ordinary Working Day, Employee type = regular
[20-Apr-2026 03:01:24 UTC]      Day Regular (<=8): 7 hrs × 100 × 1 = 700
[20-Apr-2026 03:01:24 UTC]      Night hours: 8 hrs - Treating independently with its own 8-hour quota
[20-Apr-2026 03:01:24 UTC]      All night hours: 8 hrs × 100 × 1.1 = 880
[20-Apr-2026 03:01:24 UTC] DATE: 2026-04-16 - No attendance record
[20-Apr-2026 03:01:24 UTC] DATE: 2026-04-17 - No attendance record
[20-Apr-2026 03:01:24 UTC] DATE: 2026-04-18 - No attendance record
[20-Apr-2026 03:01:24 UTC] DATE: 2026-04-19 - No attendance record
[20-Apr-2026 03:01:24 UTC] DATE: 2026-04-20 - Raw workday_type from DB: 'Ordinary Working Day'
[20-Apr-2026 03:01:24 UTC] WORKDAY DEBUG: Processing workday_type: 'Ordinary Working Day'
[20-Apr-2026 03:01:24 UTC] WORKDAY DEBUG: Found multipliers for: 'Ordinary Working Day'
[20-Apr-2026 03:01:24 UTC]   -> PRESENT: Workday type = Ordinary Working Day, Employee type = regular
[20-Apr-2026 03:01:24 UTC]      Day Regular (<=8): 4 hrs × 100 × 1 = 400
[20-Apr-2026 03:01:24 UTC]      Night hours: 8 hrs - Treating independently with its own 8-hour quota
[20-Apr-2026 03:01:24 UTC]      All night hours: 8 hrs × 100 × 1.1 = 880
[20-Apr-2026 03:01:24 UTC] DATE: 2026-04-21 - No attendance record
[20-Apr-2026 03:01:24 UTC] DATE: 2026-04-22 - No attendance record
[20-Apr-2026 03:01:24 UTC] DATE: 2026-04-23 - No attendance record
[20-Apr-2026 03:01:24 UTC] DATE: 2026-04-24 - No attendance record
[20-Apr-2026 03:01:24 UTC] DATE: 2026-04-25 - No attendance record
[20-Apr-2026 03:01:24 UTC] DATE: 2026-04-26 - No attendance record
[20-Apr-2026 03:01:24 UTC] DATE: 2026-04-27 - No attendance record
[20-Apr-2026 03:01:24 UTC] DATE: 2026-04-28 - No attendance record
[20-Apr-2026 03:01:24 UTC] DATE: 2026-04-29 - No attendance record
[20-Apr-2026 03:01:24 UTC] DATE: 2026-04-30 - No attendance record
[20-Apr-2026 03:01:26 UTC] === SAVE PAYROLL START ===
[20-Apr-2026 03:01:26 UTC] POST data: Array
(
    [save_payroll] => 1
    [employee_id] => 12
    [date_from] => 2026-04-01
    [date_to] => 2026-04-30
    [base_salary] => 5505
    [total_deductions] => 0
    [net_pay] => 5505
    [total_work_hours] => 52
    [deductions] => []
)

[20-Apr-2026 03:01:26 UTC] Employee ID: 12
[20-Apr-2026 03:01:26 UTC] Date From: 2026-04-01
[20-Apr-2026 03:01:26 UTC] Date To: 2026-04-30
[20-Apr-2026 03:01:26 UTC] Base Salary: 5505
[20-Apr-2026 03:01:26 UTC] Total Deductions: 0
[20-Apr-2026 03:01:26 UTC] Net Pay: 5505
[20-Apr-2026 03:01:26 UTC] Work Hours: 52
[20-Apr-2026 03:01:26 UTC] Deductions JSON: []
[20-Apr-2026 03:01:26 UTC] Existing columns: id, employee_id, date_from, date_to, base_salary, total_deductions, net_pay, total_work_hours, payroll_type, status, date, pay_period
[20-Apr-2026 03:01:26 UTC] Dynamic insert query: INSERT INTO payroll (employee_id, date_from, date_to, base_salary, total_deductions, net_pay, total_work_hours, payroll_type, status, date, pay_period) 
                             VALUES (?, ?, ?, ?, ?, ?, ?, ?, ?, NOW(), ?)
[20-Apr-2026 03:01:26 UTC] Bind types: issddddsss
[20-Apr-2026 03:01:26 UTC] Bind params: Array
(
    [0] => 12
    [1] => 2026-04-01
    [2] => 2026-04-30
    [3] => 5505
    [4] => 0
    [5] => 5505
    [6] => 52
    [7] => regular
    [8] => pending
    [9] => 2026-04-01
)

[20-Apr-2026 03:01:26 UTC] Insert successful, new ID: 23
[20-Apr-2026 03:01:26 UTC] Cleared old deductions for payroll ID: 23
[20-Apr-2026 03:01:26 UTC] Deductions decoded: Array
(
)

[20-Apr-2026 03:01:26 UTC] === SAVE PAYROLL SUCCESS ===
[20-Apr-2026 03:01:42 UTC] DATE: 2026-04-01 - No attendance record
[20-Apr-2026 03:01:42 UTC] DATE: 2026-04-02 - No attendance record
[20-Apr-2026 03:01:42 UTC] DATE: 2026-04-03 - No attendance record
[20-Apr-2026 03:01:42 UTC] DATE: 2026-04-04 - No attendance record
[20-Apr-2026 03:01:42 UTC] DATE: 2026-04-05 - No attendance record
[20-Apr-2026 03:01:42 UTC] DATE: 2026-04-06 - No attendance record
[20-Apr-2026 03:01:42 UTC] DATE: 2026-04-07 - No attendance record
[20-Apr-2026 03:01:42 UTC] DATE: 2026-04-08 - No attendance record
[20-Apr-2026 03:01:42 UTC] DATE: 2026-04-09 - No attendance record
[20-Apr-2026 03:01:42 UTC] DATE: 2026-04-10 - No attendance record
[20-Apr-2026 03:01:42 UTC] DATE: 2026-04-11 - No attendance record
[20-Apr-2026 03:01:42 UTC] DATE: 2026-04-12 - No attendance record
[20-Apr-2026 03:01:42 UTC] DATE: 2026-04-13 - Raw workday_type from DB: 'Ordinary Working Day'
[20-Apr-2026 03:01:42 UTC] WORKDAY DEBUG: Processing workday_type: 'Ordinary Working Day'
[20-Apr-2026 03:01:42 UTC] WORKDAY DEBUG: Found multipliers for: 'Ordinary Working Day'
[20-Apr-2026 03:01:42 UTC]   -> PRESENT: Workday type = Ordinary Working Day, Employee type = regular
[20-Apr-2026 03:01:42 UTC]      Day Regular (<=8): 4 hrs × 100 × 1 = 400
[20-Apr-2026 03:01:42 UTC]      Night hours: 4 hrs - Treating independently with its own 8-hour quota
[20-Apr-2026 03:01:42 UTC]      All night hours: 4 hrs × 100 × 1.1 = 440
[20-Apr-2026 03:01:42 UTC] DATE: 2026-04-14 - Raw workday_type from DB: 'Ordinary Working Day'
[20-Apr-2026 03:01:42 UTC] WORKDAY DEBUG: Processing workday_type: 'Ordinary Working Day'
[20-Apr-2026 03:01:42 UTC] WORKDAY DEBUG: Found multipliers for: 'Ordinary Working Day'
[20-Apr-2026 03:01:42 UTC]   -> PRESENT: Workday type = Ordinary Working Day, Employee type = regular
[20-Apr-2026 03:01:42 UTC]      Day Regular (8): 8 hrs × 100 × 1 = 800
[20-Apr-2026 03:01:42 UTC]      Day Overtime: 1 hrs × 100 × 1.25 = 125
[20-Apr-2026 03:01:42 UTC]      Night hours: 8 hrs - Treating independently with its own 8-hour quota
[20-Apr-2026 03:01:42 UTC]      All night hours: 8 hrs × 100 × 1.1 = 880
[20-Apr-2026 03:01:42 UTC] DATE: 2026-04-15 - Raw workday_type from DB: 'Ordinary Working Day'
[20-Apr-2026 03:01:42 UTC] WORKDAY DEBUG: Processing workday_type: 'Ordinary Working Day'
[20-Apr-2026 03:01:42 UTC] WORKDAY DEBUG: Found multipliers for: 'Ordinary Working Day'
[20-Apr-2026 03:01:42 UTC]   -> PRESENT: Workday type = Ordinary Working Day, Employee type = regular
[20-Apr-2026 03:01:42 UTC]      Day Regular (<=8): 7 hrs × 100 × 1 = 700
[20-Apr-2026 03:01:42 UTC]      Night hours: 8 hrs - Treating independently with its own 8-hour quota
[20-Apr-2026 03:01:42 UTC]      All night hours: 8 hrs × 100 × 1.1 = 880
[20-Apr-2026 03:01:42 UTC] DATE: 2026-04-16 - No attendance record
[20-Apr-2026 03:01:42 UTC] DATE: 2026-04-17 - No attendance record
[20-Apr-2026 03:01:42 UTC] DATE: 2026-04-18 - No attendance record
[20-Apr-2026 03:01:42 UTC] DATE: 2026-04-19 - No attendance record
[20-Apr-2026 03:01:42 UTC] DATE: 2026-04-20 - Raw workday_type from DB: 'Ordinary Working Day'
[20-Apr-2026 03:01:42 UTC] WORKDAY DEBUG: Processing workday_type: 'Ordinary Working Day'
[20-Apr-2026 03:01:42 UTC] WORKDAY DEBUG: Found multipliers for: 'Ordinary Working Day'
[20-Apr-2026 03:01:42 UTC]   -> PRESENT: Workday type = Ordinary Working Day, Employee type = regular
[20-Apr-2026 03:01:42 UTC]      Day Regular (<=8): 4 hrs × 100 × 1 = 400
[20-Apr-2026 03:01:42 UTC]      Night hours: 8 hrs - Treating independently with its own 8-hour quota
[20-Apr-2026 03:01:42 UTC]      All night hours: 8 hrs × 100 × 1.1 = 880
[20-Apr-2026 03:01:42 UTC] DATE: 2026-04-21 - No attendance record
[20-Apr-2026 03:01:42 UTC] DATE: 2026-04-22 - No attendance record
[20-Apr-2026 03:01:42 UTC] DATE: 2026-04-23 - No attendance record
[20-Apr-2026 03:01:42 UTC] DATE: 2026-04-24 - No attendance record
[20-Apr-2026 03:01:42 UTC] DATE: 2026-04-25 - No attendance record
[20-Apr-2026 03:01:42 UTC] DATE: 2026-04-26 - No attendance record
[20-Apr-2026 03:01:42 UTC] DATE: 2026-04-27 - No attendance record
[20-Apr-2026 03:01:42 UTC] DATE: 2026-04-28 - No attendance record
[20-Apr-2026 03:01:42 UTC] DATE: 2026-04-29 - No attendance record
[20-Apr-2026 03:01:42 UTC] DATE: 2026-04-30 - No attendance record
[20-Apr-2026 03:01:44 UTC] === SAVE PAYROLL START ===
[20-Apr-2026 03:01:44 UTC] POST data: Array
(
    [save_payroll] => 1
    [employee_id] => 12
    [date_from] => 2026-04-01
    [date_to] => 2026-04-30
    [base_salary] => 5505
    [total_deductions] => 0
    [net_pay] => 5505
    [total_work_hours] => 52
    [deductions] => []
)

[20-Apr-2026 03:01:44 UTC] Employee ID: 12
[20-Apr-2026 03:01:44 UTC] Date From: 2026-04-01
[20-Apr-2026 03:01:44 UTC] Date To: 2026-04-30
[20-Apr-2026 03:01:44 UTC] Base Salary: 5505
[20-Apr-2026 03:01:44 UTC] Total Deductions: 0
[20-Apr-2026 03:01:44 UTC] Net Pay: 5505
[20-Apr-2026 03:01:44 UTC] Work Hours: 52
[20-Apr-2026 03:01:44 UTC] Deductions JSON: []
[20-Apr-2026 03:01:44 UTC] Existing columns: id, employee_id, date_from, date_to, base_salary, total_deductions, net_pay, total_work_hours, payroll_type, status, date, pay_period
[20-Apr-2026 03:01:44 UTC] Dynamic insert query: INSERT INTO payroll (employee_id, date_from, date_to, base_salary, total_deductions, net_pay, total_work_hours, payroll_type, status, date, pay_period) 
                             VALUES (?, ?, ?, ?, ?, ?, ?, ?, ?, NOW(), ?)
[20-Apr-2026 03:01:44 UTC] Bind types: issddddsss
[20-Apr-2026 03:01:44 UTC] Bind params: Array
(
    [0] => 12
    [1] => 2026-04-01
    [2] => 2026-04-30
    [3] => 5505
    [4] => 0
    [5] => 5505
    [6] => 52
    [7] => regular
    [8] => pending
    [9] => 2026-04-01
)

[20-Apr-2026 03:01:44 UTC] Insert successful, new ID: 24
[20-Apr-2026 03:01:44 UTC] Cleared old deductions for payroll ID: 24
[20-Apr-2026 03:01:44 UTC] Deductions decoded: Array
(
)

[20-Apr-2026 03:01:44 UTC] === SAVE PAYROLL SUCCESS ===
[20-Apr-2026 03:01:48 UTC] Sending payroll data for ID 24 - Net Pay: 5505.00
[20-Apr-2026 03:07:03 UTC] DATE: 2026-04-01 - No attendance record
[20-Apr-2026 03:07:03 UTC] DATE: 2026-04-02 - No attendance record
[20-Apr-2026 03:07:03 UTC] DATE: 2026-04-03 - No attendance record
[20-Apr-2026 03:07:03 UTC] DATE: 2026-04-04 - No attendance record
[20-Apr-2026 03:07:03 UTC] DATE: 2026-04-05 - No attendance record
[20-Apr-2026 03:07:03 UTC] DATE: 2026-04-06 - No attendance record
[20-Apr-2026 03:07:03 UTC] DATE: 2026-04-07 - No attendance record
[20-Apr-2026 03:07:03 UTC] DATE: 2026-04-08 - No attendance record
[20-Apr-2026 03:07:03 UTC] DATE: 2026-04-09 - No attendance record
[20-Apr-2026 03:07:03 UTC] DATE: 2026-04-10 - No attendance record
[20-Apr-2026 03:07:03 UTC] DATE: 2026-04-11 - No attendance record
[20-Apr-2026 03:07:03 UTC] DATE: 2026-04-12 - No attendance record
[20-Apr-2026 03:07:03 UTC] DATE: 2026-04-13 - Raw workday_type from DB: 'Ordinary Working Day'
[20-Apr-2026 03:07:03 UTC] WORKDAY DEBUG: Processing workday_type: 'Ordinary Working Day'
[20-Apr-2026 03:07:03 UTC] WORKDAY DEBUG: Found multipliers for: 'Ordinary Working Day'
[20-Apr-2026 03:07:03 UTC]   -> ON LEAVE: Added daily salary of 700.00
[20-Apr-2026 03:07:03 UTC] DATE: 2026-04-14 - No attendance record
[20-Apr-2026 03:07:03 UTC] DATE: 2026-04-15 - Raw workday_type from DB: 'Ordinary Working Day'
[20-Apr-2026 03:07:03 UTC] WORKDAY DEBUG: Processing workday_type: 'Ordinary Working Day'
[20-Apr-2026 03:07:03 UTC] WORKDAY DEBUG: Found multipliers for: 'Ordinary Working Day'
[20-Apr-2026 03:07:03 UTC]   -> ABSENT (no pay)
[20-Apr-2026 03:07:03 UTC] DATE: 2026-04-16 - No attendance record
[20-Apr-2026 03:07:03 UTC] DATE: 2026-04-17 - No attendance record
[20-Apr-2026 03:07:03 UTC] DATE: 2026-04-18 - No attendance record
[20-Apr-2026 03:07:03 UTC] DATE: 2026-04-19 - No attendance record
[20-Apr-2026 03:07:03 UTC] DATE: 2026-04-20 - No attendance record
[20-Apr-2026 03:07:03 UTC] DATE: 2026-04-21 - No attendance record
[20-Apr-2026 03:07:03 UTC] DATE: 2026-04-22 - No attendance record
[20-Apr-2026 03:07:03 UTC] DATE: 2026-04-23 - No attendance record
[20-Apr-2026 03:07:03 UTC] DATE: 2026-04-24 - No attendance record
[20-Apr-2026 03:07:03 UTC] DATE: 2026-04-25 - No attendance record
[20-Apr-2026 03:07:03 UTC] DATE: 2026-04-26 - No attendance record
[20-Apr-2026 03:07:03 UTC] DATE: 2026-04-27 - No attendance record
[20-Apr-2026 03:07:03 UTC] DATE: 2026-04-28 - No attendance record
[20-Apr-2026 03:07:03 UTC] DATE: 2026-04-29 - No attendance record
[20-Apr-2026 03:07:03 UTC] DATE: 2026-04-30 - No attendance record
[20-Apr-2026 03:07:05 UTC] === SAVE PAYROLL START ===
[20-Apr-2026 03:07:05 UTC] POST data: Array
(
    [save_payroll] => 1
    [employee_id] => 30
    [date_from] => 2026-04-01
    [date_to] => 2026-04-30
    [base_salary] => 700
    [total_deductions] => 0
    [net_pay] => 700
    [total_work_hours] => 8
    [deductions] => []
)

[20-Apr-2026 03:07:05 UTC] Employee ID: 30
[20-Apr-2026 03:07:05 UTC] Date From: 2026-04-01
[20-Apr-2026 03:07:05 UTC] Date To: 2026-04-30
[20-Apr-2026 03:07:05 UTC] Base Salary: 700
[20-Apr-2026 03:07:05 UTC] Total Deductions: 0
[20-Apr-2026 03:07:05 UTC] Net Pay: 700
[20-Apr-2026 03:07:05 UTC] Work Hours: 8
[20-Apr-2026 03:07:05 UTC] Deductions JSON: []
[20-Apr-2026 03:07:05 UTC] Existing columns: id, employee_id, date_from, date_to, base_salary, total_deductions, net_pay, total_work_hours, payroll_type, status, date, pay_period
[20-Apr-2026 03:07:05 UTC] Dynamic insert query: INSERT INTO payroll (employee_id, date_from, date_to, base_salary, total_deductions, net_pay, total_work_hours, payroll_type, status, date, pay_period) 
                             VALUES (?, ?, ?, ?, ?, ?, ?, ?, ?, NOW(), ?)
[20-Apr-2026 03:07:05 UTC] Bind types: issddddsss
[20-Apr-2026 03:07:05 UTC] Bind params: Array
(
    [0] => 30
    [1] => 2026-04-01
    [2] => 2026-04-30
    [3] => 700
    [4] => 0
    [5] => 700
    [6] => 8
    [7] => regular
    [8] => pending
    [9] => 2026-04-01
)

[20-Apr-2026 03:07:05 UTC] Insert successful, new ID: 25
[20-Apr-2026 03:07:05 UTC] Cleared old deductions for payroll ID: 25
[20-Apr-2026 03:07:05 UTC] Deductions decoded: Array
(
)

[20-Apr-2026 03:07:05 UTC] === SAVE PAYROLL SUCCESS ===
[20-Apr-2026 03:07:12 UTC] Sending payroll data for ID 25 - Net Pay: 700.00
[20-Apr-2026 05:26:16 UTC] DATE: 2026-04-01 - No attendance record
[20-Apr-2026 05:26:16 UTC] DATE: 2026-04-02 - No attendance record
[20-Apr-2026 05:26:16 UTC] DATE: 2026-04-03 - No attendance record
[20-Apr-2026 05:26:16 UTC] DATE: 2026-04-04 - No attendance record
[20-Apr-2026 05:26:16 UTC] DATE: 2026-04-05 - No attendance record
[20-Apr-2026 05:26:16 UTC] DATE: 2026-04-06 - No attendance record
[20-Apr-2026 05:26:16 UTC] DATE: 2026-04-07 - No attendance record
[20-Apr-2026 05:26:16 UTC] DATE: 2026-04-08 - No attendance record
[20-Apr-2026 05:26:16 UTC] DATE: 2026-04-09 - Raw workday_type from DB: 'Ordinary Working Day'
[20-Apr-2026 05:26:16 UTC] WORKDAY DEBUG: Processing workday_type: 'Ordinary Working Day'
[20-Apr-2026 05:26:16 UTC] WORKDAY DEBUG: Found multipliers for: 'Ordinary Working Day'
[20-Apr-2026 05:26:16 UTC]   -> PRESENT: Workday type = Ordinary Working Day, Employee type = regular
[20-Apr-2026 05:26:16 UTC]      Day Regular (<=8): 7 hrs × 87.5 × 1 = 612.5
[20-Apr-2026 05:26:16 UTC] DATE: 2026-04-10 - Raw workday_type from DB: 'Special (Non-Working) Day'
[20-Apr-2026 05:26:16 UTC] WORKDAY DEBUG: Processing workday_type: 'Special (Non-Working) Day'
[20-Apr-2026 05:26:16 UTC] WORKDAY DEBUG: Found multipliers for: 'Special (Non-Working) Day'
[20-Apr-2026 05:26:16 UTC]   -> PRESENT: Workday type = Special (Non-Working) Day, Employee type = regular
[20-Apr-2026 05:26:16 UTC]      Day Regular (<=8): 5 hrs × 87.5 × 1.3 = 568.75
[20-Apr-2026 05:26:16 UTC] DATE: 2026-04-11 - No attendance record
[20-Apr-2026 05:26:16 UTC] DATE: 2026-04-12 - No attendance record
[20-Apr-2026 05:26:16 UTC] DATE: 2026-04-13 - Raw workday_type from DB: 'Ordinary Working Day'
[20-Apr-2026 05:26:16 UTC] WORKDAY DEBUG: Processing workday_type: 'Ordinary Working Day'
[20-Apr-2026 05:26:16 UTC] WORKDAY DEBUG: Found multipliers for: 'Ordinary Working Day'
[20-Apr-2026 05:26:16 UTC]   -> ON LEAVE: Added daily salary of 700.00
[20-Apr-2026 05:26:16 UTC] DATE: 2026-04-14 - Raw workday_type from DB: 'Ordinary Working Day'
[20-Apr-2026 05:26:16 UTC] WORKDAY DEBUG: Processing workday_type: 'Ordinary Working Day'
[20-Apr-2026 05:26:16 UTC] WORKDAY DEBUG: Found multipliers for: 'Ordinary Working Day'
[20-Apr-2026 05:26:16 UTC]   -> PRESENT: Workday type = Ordinary Working Day, Employee type = regular
[20-Apr-2026 05:26:16 UTC]      Day Regular (8): 8 hrs × 87.5 × 1 = 700
[20-Apr-2026 05:26:16 UTC]      Day Overtime: 2 hrs × 87.5 × 1.25 = 218.75
[20-Apr-2026 05:26:16 UTC]      Night hours: 10 hrs - Treating independently with its own 8-hour quota
[20-Apr-2026 05:26:16 UTC]      Night Regular (8): 8 hrs × 87.5 × 1.1 = 770
[20-Apr-2026 05:26:16 UTC]      Night Overtime: 2 hrs × 87.5 × 1.25 = 218.75
[20-Apr-2026 05:26:16 UTC] DATE: 2026-04-15 - No attendance record
[20-Apr-2026 05:26:16 UTC] DATE: 2026-04-16 - Raw workday_type from DB: 'Ordinary Working Day'
[20-Apr-2026 05:26:16 UTC] WORKDAY DEBUG: Processing workday_type: 'Ordinary Working Day'
[20-Apr-2026 05:26:16 UTC] WORKDAY DEBUG: Found multipliers for: 'Ordinary Working Day'
[20-Apr-2026 05:26:16 UTC]   -> PRESENT: Workday type = Ordinary Working Day, Employee type = regular
[20-Apr-2026 05:26:16 UTC]      Day Regular (<=8): 8 hrs × 87.5 × 1 = 700
[20-Apr-2026 05:26:16 UTC] DATE: 2026-04-17 - Raw workday_type from DB: 'Ordinary Working Day'
[20-Apr-2026 05:26:16 UTC] WORKDAY DEBUG: Processing workday_type: 'Ordinary Working Day'
[20-Apr-2026 05:26:16 UTC] WORKDAY DEBUG: Found multipliers for: 'Ordinary Working Day'
[20-Apr-2026 05:26:16 UTC]   -> PRESENT: Workday type = Ordinary Working Day, Employee type = regular
[20-Apr-2026 05:26:16 UTC]      Day Regular (<=8): 4 hrs × 87.5 × 1 = 350
[20-Apr-2026 05:26:16 UTC]      Night hours: 4 hrs - Treating independently with its own 8-hour quota
[20-Apr-2026 05:26:16 UTC]      All night hours: 4 hrs × 87.5 × 1.1 = 385
[20-Apr-2026 05:26:16 UTC] DATE: 2026-04-18 - No attendance record
[20-Apr-2026 05:26:16 UTC] DATE: 2026-04-19 - No attendance record
[20-Apr-2026 05:26:16 UTC] DATE: 2026-04-20 - Raw workday_type from DB: 'Ordinary Working Day'
[20-Apr-2026 05:26:16 UTC] WORKDAY DEBUG: Processing workday_type: 'Ordinary Working Day'
[20-Apr-2026 05:26:16 UTC] WORKDAY DEBUG: Found multipliers for: 'Ordinary Working Day'
[20-Apr-2026 05:26:16 UTC]   -> ABSENT (no pay)
[20-Apr-2026 05:26:16 UTC] DATE: 2026-04-21 - No attendance record
[20-Apr-2026 05:26:16 UTC] DATE: 2026-04-22 - No attendance record
[20-Apr-2026 05:26:16 UTC] DATE: 2026-04-23 - No attendance record
[20-Apr-2026 05:26:16 UTC] DATE: 2026-04-24 - No attendance record
[20-Apr-2026 05:26:16 UTC] DATE: 2026-04-25 - No attendance record
[20-Apr-2026 05:26:16 UTC] DATE: 2026-04-26 - No attendance record
[20-Apr-2026 05:26:16 UTC] DATE: 2026-04-27 - No attendance record
[20-Apr-2026 05:26:16 UTC] DATE: 2026-04-28 - No attendance record
[20-Apr-2026 05:26:16 UTC] DATE: 2026-04-29 - No attendance record
[20-Apr-2026 05:26:16 UTC] DATE: 2026-04-30 - No attendance record
[20-Apr-2026 05:26:19 UTC] === SAVE PAYROLL START ===
[20-Apr-2026 05:26:19 UTC] POST data: Array
(
    [save_payroll] => 1
    [employee_id] => 8
    [date_from] => 2026-04-01
    [date_to] => 2026-04-30
    [base_salary] => 5223.75
    [total_deductions] => 0
    [net_pay] => 5223.75
    [total_work_hours] => 56
    [deductions] => []
)

[20-Apr-2026 05:26:19 UTC] Employee ID: 8
[20-Apr-2026 05:26:19 UTC] Date From: 2026-04-01
[20-Apr-2026 05:26:19 UTC] Date To: 2026-04-30
[20-Apr-2026 05:26:19 UTC] Base Salary: 5223.75
[20-Apr-2026 05:26:19 UTC] Total Deductions: 0
[20-Apr-2026 05:26:19 UTC] Net Pay: 5223.75
[20-Apr-2026 05:26:19 UTC] Work Hours: 56
[20-Apr-2026 05:26:19 UTC] Deductions JSON: []
[20-Apr-2026 05:26:19 UTC] Existing columns: id, employee_id, date_from, date_to, base_salary, total_deductions, net_pay, total_work_hours, payroll_type, status, date, pay_period
[20-Apr-2026 05:26:19 UTC] Dynamic insert query: INSERT INTO payroll (employee_id, date_from, date_to, base_salary, total_deductions, net_pay, total_work_hours, payroll_type, status, date, pay_period) 
                             VALUES (?, ?, ?, ?, ?, ?, ?, ?, ?, NOW(), ?)
[20-Apr-2026 05:26:19 UTC] Bind types: issddddsss
[20-Apr-2026 05:26:19 UTC] Bind params: Array
(
    [0] => 8
    [1] => 2026-04-01
    [2] => 2026-04-30
    [3] => 5223.75
    [4] => 0
    [5] => 5223.75
    [6] => 56
    [7] => regular
    [8] => pending
    [9] => 2026-04-01
)

[20-Apr-2026 05:26:19 UTC] Insert successful, new ID: 26
[20-Apr-2026 05:26:19 UTC] Cleared old deductions for payroll ID: 26
[20-Apr-2026 05:26:19 UTC] Deductions decoded: Array
(
)

[20-Apr-2026 05:26:19 UTC] === SAVE PAYROLL SUCCESS ===
[20-Apr-2026 05:26:29 UTC] Sending payroll data for ID 26 - Net Pay: 5223.75
[20-Apr-2026 05:26:31 UTC] Sending payroll data for ID 26 - Net Pay: 5223.75
[20-Apr-2026 05:27:04 UTC] Sending payroll data for ID 26 - Net Pay: 5223.75
